I'm sorry, but errors were detected in your script. Please correct the
errors listed below, and try again.


File "game/Screens00.rpy", line 3: the at keyword argument was not given a value.
    imagebutton at :
                   ^

Ren'Py Version: Ren'Py 8.1.3.23091805
Sat Sep 30 21:58:50 2023
